Exercise 6

Nithi@LAPTOP-R4SU6TA3 MINGW64 ~/Desktop/Python/git-init-exercise-6 (main)
$ ls -ltr
total 1
-rw-r--r-- 1 Nithi 197609 21 Feb  8 00:21 README.md

Nithi@LAPTOP-R4SU6TA3 MINGW64 ~/Desktop/Python/git-init-exercise-6 (main)
$ vi file.txt

Nithi@LAPTOP-R4SU6TA3 MINGW64 ~/Desktop/Python/git-init-exercise-6 (main)
$ vi file1.txt

Nithi@LAPTOP-R4SU6TA3 MINGW64 ~/Desktop/Python/git-init-exercise-6 (main)
$ git status
On branch main
Your branch is up to date with 'origin/main'.

Untracked files:
  (use "git add <file>..." to include in what will be committed)
        file.txt
        file1.txt

nothing added to commit but untracked files present (use "git add" to track)

Nithi@LAPTOP-R4SU6TA3 MINGW64 ~/Desktop/Python/git-init-exercise-6 (main)
$ git add
Nothing specified, nothing added.
hint: Maybe you wanted to say 'git add .'?
hint: Turn this message off by running
hint: "git config advice.addEmptyPathspec false"

Nithi@LAPTOP-R4SU6TA3 MINGW64 ~/Desktop/Python/git-init-exercise-6 (main)
$ git log
commit 58359913c6500345c3e5b7b6185f7a5591e20764 (HEAD -> main, origin/main, origin/HEAD)
Author: jahnavi-karanam <78553743+jahnavi-karanam@users.noreply.github.com>
Date:   Mon Feb 8 00:20:40 2021 -0600

    Initial commit

Nithi@LAPTOP-R4SU6TA3 MINGW64 ~/Desktop/Python/git-init-exercise-6 (main)
$ git status
On branch main
Your branch is up to date with 'origin/main'.

Untracked files:
  (use "git add <file>..." to include in what will be committed)
        file.txt
        file1.txt

nothing added to commit but untracked files present (use "git add" to track)

Nithi@LAPTOP-R4SU6TA3 MINGW64 ~/Desktop/Python/git-init-exercise-6 (main)
$ git add .
warning: LF will be replaced by CRLF in file.txt.
The file will have its original line endings in your working directory
warning: LF will be replaced by CRLF in file1.txt.
The file will have its original line endings in your working directory

Nithi@LAPTOP-R4SU6TA3 MINGW64 ~/Desktop/Python/git-init-exercise-6 (main)
$ git commit
[main 95c080a] Commiting the set of files
 2 files changed, 4 insertions(+)
 create mode 100644 file.txt
 create mode 100644 file1.txt

Nithi@LAPTOP-R4SU6TA3 MINGW64 ~/Desktop/Python/git-init-exercise-6 (main)
$ git status
On branch main
Your branch is ahead of 'origin/main' by 1 commit.
  (use "git push" to publish your local commits)

nothing to commit, working tree clean

Nithi@LAPTOP-R4SU6TA3 MINGW64 ~/Desktop/Python/git-init-exercise-6 (main)
$ git push
Enumerating objects: 5, done.
Counting objects: 100% (5/5), done.
Delta compression using up to 8 threads
Compressing objects: 100% (2/2), done.
Writing objects: 100% (4/4), 365 bytes | 365.00 KiB/s, done.
Total 4 (delta 0), reused 0 (delta 0), pack-reused 0
To https://github.com/jahnavi-karanam/git-init-exercise-6.git
   5835991..95c080a  main -> main

Nithi@LAPTOP-R4SU6TA3 MINGW64 ~/Desktop/Python/git-init-exercise-6 (main)
$ git log
commit 95c080abe486d669d700536c9c25af6572a09632 (HEAD -> main, origin/main, origin/HEAD)
Author: jahnavi-karanam <karanam.jahnavi@gmail.com>
Date:   Mon Feb 8 00:24:15 2021 -0600

    Commiting the set of files

commit 58359913c6500345c3e5b7b6185f7a5591e20764
Author: jahnavi-karanam <78553743+jahnavi-karanam@users.noreply.github.com>
Date:   Mon Feb 8 00:20:40 2021 -0600

    Initial commit

Nithi@LAPTOP-R4SU6TA3 MINGW64 ~/Desktop/Python/git-init-exercise-6 (main)
$ git status
On branch main
Your branch is up to date with 'origin/main'.

nothing to commit, working tree clean

Nithi@LAPTOP-R4SU6TA3 MINGW64 ~/Desktop/Python/git-init-exercise-6 (main)
$ vi file.txt

Nithi@LAPTOP-R4SU6TA3 MINGW64 ~/Desktop/Python/git-init-exercise-6 (main)
$ vi file1.txt

Nithi@LAPTOP-R4SU6TA3 MINGW64 ~/Desktop/Python/git-init-exercise-6 (main)
$ vi file2.txt

Nithi@LAPTOP-R4SU6TA3 MINGW64 ~/Desktop/Python/git-init-exercise-6 (main)
$ git status
On branch main
Your branch is up to date with 'origin/main'.

Changes not staged for commit:
  (use "git add <file>..." to update what will be committed)
  (use "git restore <file>..." to discard changes in working directory)
        modified:   file.txt
        modified:   file1.txt

Untracked files:
  (use "git add <file>..." to include in what will be committed)
        file2.txt

no changes added to commit (use "git add" and/or "git commit -a")

Nithi@LAPTOP-R4SU6TA3 MINGW64 ~/Desktop/Python/git-init-exercise-6 (main)
$ git add .
warning: LF will be replaced by CRLF in file.txt.
The file will have its original line endings in your working directory
warning: LF will be replaced by CRLF in file1.txt.
The file will have its original line endings in your working directory
warning: LF will be replaced by CRLF in file2.txt.
The file will have its original line endings in your working directory

Nithi@LAPTOP-R4SU6TA3 MINGW64 ~/Desktop/Python/git-init-exercise-6 (main)
$ git status
On branch main
Your branch is up to date with 'origin/main'.

Changes to be committed:
  (use "git restore --staged <file>..." to unstage)
        modified:   file.txt
        modified:   file1.txt
        new file:   file2.txt


Nithi@LAPTOP-R4SU6TA3 MINGW64 ~/Desktop/Python/git-init-exercise-6 (main)
$ git commit
[main 23f3e0a] My Second commit
 3 files changed, 4 insertions(+), 1 deletion(-)
 create mode 100644 file2.txt

Nithi@LAPTOP-R4SU6TA3 MINGW64 ~/Desktop/Python/git-init-exercise-6 (main)
$ git push
Enumerating objects: 8, done.
Counting objects: 100% (8/8), done.
Delta compression using up to 8 threads
Compressing objects: 100% (3/3), done.
Writing objects: 100% (5/5), 447 bytes | 223.00 KiB/s, done.
Total 5 (delta 0), reused 0 (delta 0), pack-reused 0
To https://github.com/jahnavi-karanam/git-init-exercise-6.git
   95c080a..23f3e0a  main -> main

Nithi@LAPTOP-R4SU6TA3 MINGW64 ~/Desktop/Python/git-init-exercise-6 (main)
$ vi file.txt

Nithi@LAPTOP-R4SU6TA3 MINGW64 ~/Desktop/Python/git-init-exercise-6 (main)
$ vi file1.txt

Nithi@LAPTOP-R4SU6TA3 MINGW64 ~/Desktop/Python/git-init-exercise-6 (main)
$ vi file2.txt

Nithi@LAPTOP-R4SU6TA3 MINGW64 ~/Desktop/Python/git-init-exercise-6 (main)
$ git status
On branch main
Your branch is up to date with 'origin/main'.

Changes not staged for commit:
  (use "git add <file>..." to update what will be committed)
  (use "git restore <file>..." to discard changes in working directory)
        modified:   file.txt
        modified:   file1.txt
        modified:   file2.txt

no changes added to commit (use "git add" and/or "git commit -a")

Nithi@LAPTOP-R4SU6TA3 MINGW64 ~/Desktop/Python/git-init-exercise-6 (main)
$ git add .
warning: LF will be replaced by CRLF in file.txt.
The file will have its original line endings in your working directory
warning: LF will be replaced by CRLF in file1.txt.
The file will have its original line endings in your working directory
warning: LF will be replaced by CRLF in file2.txt.
The file will have its original line endings in your working directory

Nithi@LAPTOP-R4SU6TA3 MINGW64 ~/Desktop/Python/git-init-exercise-6 (main)
$ git commit
[main 27b77cf] My Third commit
 3 files changed, 3 insertions(+), 2 deletions(-)

Nithi@LAPTOP-R4SU6TA3 MINGW64 ~/Desktop/Python/git-init-exercise-6 (main)
$ git push
Enumerating objects: 9, done.
Counting objects: 100% (9/9), done.
Delta compression using up to 8 threads
Compressing objects: 100% (4/4), done.
Writing objects: 100% (5/5), 497 bytes | 497.00 KiB/s, done.
Total 5 (delta 0), reused 0 (delta 0), pack-reused 0
To https://github.com/jahnavi-karanam/git-init-exercise-6.git
   23f3e0a..27b77cf  main -> main

Nithi@LAPTOP-R4SU6TA3 MINGW64 ~/Desktop/Python/git-init-exercise-6 (main)
$ git log
commit 27b77cf290373813743f475c068d3d9ddfe8999e (HEAD -> main, origin/main, origin/HEAD)
Author: jahnavi-karanam <karanam.jahnavi@gmail.com>
Date:   Mon Feb 8 00:29:32 2021 -0600

    My Third commit

commit 23f3e0a9f7eecb0a6d6f81c592c0bd0b534f8260
Author: jahnavi-karanam <karanam.jahnavi@gmail.com>
Date:   Mon Feb 8 00:27:50 2021 -0600

    My Second commit

commit 95c080abe486d669d700536c9c25af6572a09632
Author: jahnavi-karanam <karanam.jahnavi@gmail.com>
Date:   Mon Feb 8 00:24:15 2021 -0600

    Commiting the set of files

commit 58359913c6500345c3e5b7b6185f7a5591e20764
Author: jahnavi-karanam <78553743+jahnavi-karanam@users.noreply.github.com>
Date:   Mon Feb 8 00:20:40 2021 -0600

    Initial commit

Nithi@LAPTOP-R4SU6TA3 MINGW64 ~/Desktop/Python/git-init-exercise-6 (main)
$ git reset --soft 23f3e0a9f7eecb0a6d6f81c592c0bd0b534f8260

Nithi@LAPTOP-R4SU6TA3 MINGW64 ~/Desktop/Python/git-init-exercise-6 (main)
$ git status
On branch main
Your branch is behind 'origin/main' by 1 commit, and can be fast-forwarded.
  (use "git pull" to update your local branch)

Changes to be committed:
  (use "git restore --staged <file>..." to unstage)
        modified:   file.txt
        modified:   file1.txt
        modified:   file2.txt


Nithi@LAPTOP-R4SU6TA3 MINGW64 ~/Desktop/Python/git-init-exercise-6 (main)
$ git log
commit 23f3e0a9f7eecb0a6d6f81c592c0bd0b534f8260 (HEAD -> main)
Author: jahnavi-karanam <karanam.jahnavi@gmail.com>
Date:   Mon Feb 8 00:27:50 2021 -0600

    My Second commit

commit 95c080abe486d669d700536c9c25af6572a09632
Author: jahnavi-karanam <karanam.jahnavi@gmail.com>
Date:   Mon Feb 8 00:24:15 2021 -0600

    Commiting the set of files

commit 58359913c6500345c3e5b7b6185f7a5591e20764
Author: jahnavi-karanam <78553743+jahnavi-karanam@users.noreply.github.com>
Date:   Mon Feb 8 00:20:40 2021 -0600

    Initial commit
